2026-07-31 12:22:57,544 - aqt.main - INFO - installer 7760 aqtinstall(aqt) v3.3.0 on Python 3.11.9 [CPython MSC v.1938 64 bit (AMD64)]
2026-07-31 12:22:57,545 - aqt.helper - DEBUG - helper 7760 Attempt to download checksum at https://download.qt.io/online/qtsdkrepository/windows_x86/desktop/qt6_672/Updates.xml.sha256
2026-07-31 12:23:00,943 - aqt.helper - DEBUG - helper 27068 Attempt to download checksum at https://download.qt.io/online/qtsdkrepository/windows_x86/desktop/qt6_672/qt.qt6.672.win64_msvc2019_64/6.7.2-0-202406110335qtbase-Windows-Windows_10_22H2-MSVC2019-Windows-Windows_10_22H2-X86_64.7z.sha256
2026-07-31 12:23:00,954 - aqt.helper - DEBUG - helper 13844 Attempt to download checksum at https://download.qt.io/online/qtsdkrepository/windows_x86/desktop/qt6_672/qt.qt6.672.win64_msvc2019_64/6.7.2-0-202406110335qtsvg-Windows-Windows_10_22H2-MSVC2019-Windows-Windows_10_22H2-X86_64.7z.sha256
2026-07-31 12:23:00,954 - aqt.helper - DEBUG - helper 29368 Attempt to download checksum at https://download.qt.io/online/qtsdkrepository/windows_x86/desktop/qt6_672/qt.qt6.672.win64_msvc2019_64/6.7.2-0-202406110335qtdeclarative-Windows-Windows_10_22H2-MSVC2019-Windows-Windows_10_22H2-X86_64.7z.sha256
2026-07-31 12:23:00,967 - aqt.helper - DEBUG - helper 26192 Attempt to download checksum at https://download.qt.io/online/qtsdkrepository/windows_x86/desktop/qt6_672/qt.qt6.672.win64_msvc2019_64/6.7.2-0-202406110335qttools-Windows-Windows_10_22H2-MSVC2019-Windows-Windows_10_22H2-X86_64.7z.sha256
2026-07-31 12:23:02,399 - aqt.helper - INFO - helper 13844 Downloading qtsvg...
2026-07-31 12:23:02,399 - aqt.installer - DEBUG - installer 13844 Download URL: https://download.qt.io/online/qtsdkrepository/windows_x86/desktop/qt6_672/qt.qt6.672.win64_msvc2019_64/6.7.2-0-202406110335qtsvg-Windows-Windows_10_22H2-MSVC2019-Windows-Windows_10_22H2-X86_64.7z
2026-07-31 12:23:02,409 - aqt.helper - INFO - helper 29368 Downloading qtdeclarative...
2026-07-31 12:23:02,410 - aqt.installer - DEBUG - installer 29368 Download URL: https://download.qt.io/online/qtsdkrepository/windows_x86/desktop/qt6_672/qt.qt6.672.win64_msvc2019_64/6.7.2-0-202406110335qtdeclarative-Windows-Windows_10_22H2-MSVC2019-Windows-Windows_10_22H2-X86_64.7z
2026-07-31 12:23:02,427 - aqt.helper - INFO - helper 27068 Downloading qtbase...
2026-07-31 12:23:02,428 - aqt.installer - DEBUG - installer 27068 Download URL: https://download.qt.io/online/qtsdkrepository/windows_x86/desktop/qt6_672/qt.qt6.672.win64_msvc2019_64/6.7.2-0-202406110335qtbase-Windows-Windows_10_22H2-MSVC2019-Windows-Windows_10_22H2-X86_64.7z
2026-07-31 12:23:02,444 - aqt.helper - INFO - helper 26192 Downloading qttools...
2026-07-31 12:23:02,444 - aqt.installer - DEBUG - installer 26192 Download URL: https://download.qt.io/online/qtsdkrepository/windows_x86/desktop/qt6_672/qt.qt6.672.win64_msvc2019_64/6.7.2-0-202406110335qttools-Windows-Windows_10_22H2-MSVC2019-Windows-Windows_10_22H2-X86_64.7z
2026-07-31 12:23:03,834 - aqt.helper - DEBUG - helper 29368 Asked to redirect(302) to: https://qt.mirror.constant.com/online/qtsdkrepository/windows_x86/desktop/qt6_672/qt.qt6.672.win64_msvc2019_64/6.7.2-0-202406110335qtdeclarative-Windows-Windows_10_22H2-MSVC2019-Windows-Windows_10_22H2-X86_64.7z
2026-07-31 12:23:03,834 - aqt.helper - INFO - helper 29368 Redirected: qt.mirror.constant.com
2026-07-31 12:23:03,854 - aqt.helper - DEBUG - helper 13844 Asked to redirect(302) to: https://qt.mirror.constant.com/online/qtsdkrepository/windows_x86/desktop/qt6_672/qt.qt6.672.win64_msvc2019_64/6.7.2-0-202406110335qtsvg-Windows-Windows_10_22H2-MSVC2019-Windows-Windows_10_22H2-X86_64.7z
2026-07-31 12:23:03,854 - aqt.helper - INFO - helper 13844 Redirected: qt.mirror.constant.com
2026-07-31 12:23:03,870 - aqt.helper - DEBUG - helper 26192 Asked to redirect(302) to: https://qt.mirror.constant.com/online/qtsdkrepository/windows_x86/desktop/qt6_672/qt.qt6.672.win64_msvc2019_64/6.7.2-0-202406110335qttools-Windows-Windows_10_22H2-MSVC2019-Windows-Windows_10_22H2-X86_64.7z
2026-07-31 12:23:03,870 - aqt.helper - INFO - helper 26192 Redirected: qt.mirror.constant.com
2026-07-31 12:23:03,891 - aqt.helper - DEBUG - helper 27068 Asked to redirect(302) to: https://qt.mirror.constant.com/online/qtsdkrepository/windows_x86/desktop/qt6_672/qt.qt6.672.win64_msvc2019_64/6.7.2-0-202406110335qtbase-Windows-Windows_10_22H2-MSVC2019-Windows-Windows_10_22H2-X86_64.7z
2026-07-31 12:23:03,891 - aqt.helper - INFO - helper 27068 Redirected: qt.mirror.constant.com
2026-07-31 12:23:05,806 - aqt.installer - INFO - installer 13844 Finished installation of qtsvg-Windows-Windows_10_22H2-MSVC2019-Windows-Windows_10_22H2-X86_64.7z in 4.85533520
2026-07-31 12:23:05,824 - aqt.helper - DEBUG - helper 13844 Attempt to download checksum at https://download.qt.io/online/qtsdkrepository/windows_x86/desktop/qt6_672/qt.qt6.672.win64_msvc2019_64/6.7.2-0-202406110335qttranslations-Windows-Windows_10_22H2-MSVC2019-Windows-Windows_10_22H2-X86_64.7z.sha256
2026-07-31 12:23:07,082 - aqt.helper - INFO - helper 13844 Downloading qttranslations...
2026-07-31 12:23:07,082 - aqt.installer - DEBUG - installer 13844 Download URL: https://download.qt.io/online/qtsdkrepository/windows_x86/desktop/qt6_672/qt.qt6.672.win64_msvc2019_64/6.7.2-0-202406110335qttranslations-Windows-Windows_10_22H2-MSVC2019-Windows-Windows_10_22H2-X86_64.7z
2026-07-31 12:23:08,478 - aqt.helper - DEBUG - helper 13844 Asked to redirect(302) to: https://qt.mirror.constant.com/online/qtsdkrepository/windows_x86/desktop/qt6_672/qt.qt6.672.win64_msvc2019_64/6.7.2-0-202406110335qttranslations-Windows-Windows_10_22H2-MSVC2019-Windows-Windows_10_22H2-X86_64.7z
2026-07-31 12:23:08,478 - aqt.helper - INFO - helper 13844 Redirected: qt.mirror.constant.com
2026-07-31 12:23:11,110 - aqt.installer - INFO - installer 13844 Finished installation of qttranslations-Windows-Windows_10_22H2-MSVC2019-Windows-Windows_10_22H2-X86_64.7z in 5.28870080
2026-07-31 12:23:11,127 - aqt.helper - DEBUG - helper 13844 Attempt to download checksum at https://download.qt.io/online/qtsdkrepository/windows_x86/desktop/qt6_672/qt.qt6.672.win64_msvc2019_64/6.7.2-0-202406110335d3dcompiler_47-x64.7z.sha256
2026-07-31 12:23:11,296 - aqt.installer - INFO - installer 26192 Finished installation of qttools-Windows-Windows_10_22H2-MSVC2019-Windows-Windows_10_22H2-X86_64.7z in 10.33109780
2026-07-31 12:23:11,321 - aqt.helper - DEBUG - helper 26192 Attempt to download checksum at https://download.qt.io/online/qtsdkrepository/windows_x86/desktop/qt6_672/qt.qt6.672.win64_msvc2019_64/6.7.2-0-202406110335opengl32sw-64-mesa_11_2_2-signed_sha256.7z.sha256
2026-07-31 12:23:12,518 - aqt.helper - INFO - helper 13844 Downloading d3dcompiler_47...
2026-07-31 12:23:12,518 - aqt.installer - DEBUG - installer 13844 Download URL: https://download.qt.io/online/qtsdkrepository/windows_x86/desktop/qt6_672/qt.qt6.672.win64_msvc2019_64/6.7.2-0-202406110335d3dcompiler_47-x64.7z
2026-07-31 12:23:12,679 - aqt.helper - INFO - helper 26192 Downloading opengl32sw...
2026-07-31 12:23:12,679 - aqt.installer - DEBUG - installer 26192 Download URL: https://download.qt.io/online/qtsdkrepository/windows_x86/desktop/qt6_672/qt.qt6.672.win64_msvc2019_64/6.7.2-0-202406110335opengl32sw-64-mesa_11_2_2-signed_sha256.7z
2026-07-31 12:23:15,944 - aqt.helper - DEBUG - helper 13844 Asked to redirect(302) to: https://qt.mirror.constant.com/online/qtsdkrepository/windows_x86/desktop/qt6_672/qt.qt6.672.win64_msvc2019_64/6.7.2-0-202406110335d3dcompiler_47-x64.7z
2026-07-31 12:23:15,944 - aqt.helper - INFO - helper 13844 Redirected: qt.mirror.constant.com
2026-07-31 12:23:15,998 - aqt.helper - DEBUG - helper 26192 Asked to redirect(302) to: https://qt.mirror.constant.com/online/qtsdkrepository/windows_x86/desktop/qt6_672/qt.qt6.672.win64_msvc2019_64/6.7.2-0-202406110335opengl32sw-64-mesa_11_2_2-signed_sha256.7z
2026-07-31 12:23:15,998 - aqt.helper - INFO - helper 26192 Redirected: qt.mirror.constant.com
2026-07-31 12:23:17,659 - aqt.installer - INFO - installer 13844 Finished installation of d3dcompiler_47-x64.7z in 6.53478100
2026-07-31 12:23:18,236 - aqt.installer - INFO - installer 26192 Finished installation of opengl32sw-64-mesa_11_2_2-signed_sha256.7z in 6.91702820
2026-07-31 12:23:21,132 - aqt.installer - INFO - installer 27068 Finished installation of qtbase-Windows-Windows_10_22H2-MSVC2019-Windows-Windows_10_22H2-X86_64.7z in 20.19120660
2026-07-31 12:23:36,084 - aqt.installer - INFO - installer 29368 Finished installation of qtdeclarative-Windows-Windows_10_22H2-MSVC2019-Windows-Windows_10_22H2-X86_64.7z in 35.13271240
2026-07-31 12:23:36,303 - aqt.updater - INFO - updater 7760 Patching C:\Qt\6.7.2\msvc2019_64\bin\qmake.exe
2026-07-31 12:23:36,307 - aqt.updater - INFO - updater 7760 Patching C:\Qt\6.7.2\msvc2019_64\lib\Qt6Concurrent.prl
2026-07-31 12:23:36,316 - aqt.updater - INFO - updater 7760 Patching C:\Qt\6.7.2\msvc2019_64\lib\Qt6Concurrentd.prl
2026-07-31 12:23:36,324 - aqt.updater - INFO - updater 7760 Patching C:\Qt\6.7.2\msvc2019_64\lib\Qt6Core.prl
2026-07-31 12:23:36,333 - aqt.updater - INFO - updater 7760 Patching C:\Qt\6.7.2\msvc2019_64\lib\Qt6Cored.prl
2026-07-31 12:23:36,342 - aqt.updater - INFO - updater 7760 Patching C:\Qt\6.7.2\msvc2019_64\lib\Qt6DBus.prl
2026-07-31 12:23:36,350 - aqt.updater - INFO - updater 7760 Patching C:\Qt\6.7.2\msvc2019_64\lib\Qt6DBusd.prl
2026-07-31 12:23:36,358 - aqt.updater - INFO - updater 7760 Patching C:\Qt\6.7.2\msvc2019_64\lib\Qt6Designer.prl
2026-07-31 12:23:36,366 - aqt.updater - INFO - updater 7760 Patching C:\Qt\6.7.2\msvc2019_64\lib\Qt6DesignerComponents.prl
2026-07-31 12:23:36,374 - aqt.updater - INFO - updater 7760 Patching C:\Qt\6.7.2\msvc2019_64\lib\Qt6DesignerComponentsd.prl
2026-07-31 12:23:36,383 - aqt.updater - INFO - updater 7760 Patching C:\Qt\6.7.2\msvc2019_64\lib\Qt6Designerd.prl
2026-07-31 12:23:36,391 - aqt.updater - INFO - updater 7760 Patching C:\Qt\6.7.2\msvc2019_64\lib\Qt6DeviceDiscoverySupport.prl
2026-07-31 12:23:36,399 - aqt.updater - INFO - updater 7760 Patching C:\Qt\6.7.2\msvc2019_64\lib\Qt6DeviceDiscoverySupportd.prl
2026-07-31 12:23:36,407 - aqt.updater - INFO - updater 7760 Patching C:\Qt\6.7.2\msvc2019_64\lib\Qt6EntryPoint.prl
2026-07-31 12:23:36,416 - aqt.updater - INFO - updater 7760 Patching C:\Qt\6.7.2\msvc2019_64\lib\Qt6EntryPointd.prl
2026-07-31 12:23:36,425 - aqt.updater - INFO - updater 7760 Patching C:\Qt\6.7.2\msvc2019_64\lib\Qt6ExampleIcons.prl
2026-07-31 12:23:36,433 - aqt.updater - INFO - updater 7760 Patching C:\Qt\6.7.2\msvc2019_64\lib\Qt6ExampleIconsd.prl
2026-07-31 12:23:36,442 - aqt.updater - INFO - updater 7760 Patching C:\Qt\6.7.2\msvc2019_64\lib\Qt6FbSupport.prl
2026-07-31 12:23:36,451 - aqt.updater - INFO - updater 7760 Patching C:\Qt\6.7.2\msvc2019_64\lib\Qt6FbSupportd.prl
2026-07-31 12:23:36,461 - aqt.updater - INFO - updater 7760 Patching C:\Qt\6.7.2\msvc2019_64\lib\Qt6Gui.prl
2026-07-31 12:23:36,472 - aqt.updater - INFO - updater 7760 Patching C:\Qt\6.7.2\msvc2019_64\lib\Qt6Guid.prl
2026-07-31 12:23:36,483 - aqt.updater - INFO - updater 7760 Patching C:\Qt\6.7.2\msvc2019_64\lib\Qt6Help.prl
2026-07-31 12:23:36,495 - aqt.updater - INFO - updater 7760 Patching C:\Qt\6.7.2\msvc2019_64\lib\Qt6Helpd.prl
2026-07-31 12:23:36,512 - aqt.updater - INFO - updater 7760 Patching C:\Qt\6.7.2\msvc2019_64\lib\Qt6LabsAnimation.prl
2026-07-31 12:23:36,523 - aqt.updater - INFO - updater 7760 Patching C:\Qt\6.7.2\msvc2019_64\lib\Qt6LabsAnimationd.prl
2026-07-31 12:23:36,536 - aqt.updater - INFO - updater 7760 Patching C:\Qt\6.7.2\msvc2019_64\lib\Qt6LabsFolderListModel.prl
2026-07-31 12:23:36,546 - aqt.updater - INFO - updater 7760 Patching C:\Qt\6.7.2\msvc2019_64\lib\Qt6LabsFolderListModeld.prl
2026-07-31 12:23:36,556 - aqt.updater - INFO - updater 7760 Patching C:\Qt\6.7.2\msvc2019_64\lib\Qt6LabsQmlModels.prl
2026-07-31 12:23:36,570 - aqt.updater - INFO - updater 7760 Patching C:\Qt\6.7.2\msvc2019_64\lib\Qt6LabsQmlModelsd.prl
2026-07-31 12:23:36,579 - aqt.updater - INFO - updater 7760 Patching C:\Qt\6.7.2\msvc2019_64\lib\Qt6LabsSettings.prl
2026-07-31 12:23:36,591 - aqt.updater - INFO - updater 7760 Patching C:\Qt\6.7.2\msvc2019_64\lib\Qt6LabsSettingsd.prl
2026-07-31 12:23:36,600 - aqt.updater - INFO - updater 7760 Patching C:\Qt\6.7.2\msvc2019_64\lib\Qt6LabsSharedImage.prl
2026-07-31 12:23:36,610 - aqt.updater - INFO - updater 7760 Patching C:\Qt\6.7.2\msvc2019_64\lib\Qt6LabsSharedImaged.prl
2026-07-31 12:23:36,618 - aqt.updater - INFO - updater 7760 Patching C:\Qt\6.7.2\msvc2019_64\lib\Qt6LabsWavefrontMesh.prl
2026-07-31 12:23:36,628 - aqt.updater - INFO - updater 7760 Patching C:\Qt\6.7.2\msvc2019_64\lib\Qt6LabsWavefrontMeshd.prl
2026-07-31 12:23:36,636 - aqt.updater - INFO - updater 7760 Patching C:\Qt\6.7.2\msvc2019_64\lib\Qt6Network.prl
2026-07-31 12:23:36,645 - aqt.updater - INFO - updater 7760 Patching C:\Qt\6.7.2\msvc2019_64\lib\Qt6Networkd.prl
2026-07-31 12:23:36,654 - aqt.updater - INFO - updater 7760 Patching C:\Qt\6.7.2\msvc2019_64\lib\Qt6OpenGL.prl
2026-07-31 12:23:36,664 - aqt.updater - INFO - updater 7760 Patching C:\Qt\6.7.2\msvc2019_64\lib\Qt6OpenGLd.prl
2026-07-31 12:23:36,674 - aqt.updater - INFO - updater 7760 Patching C:\Qt\6.7.2\msvc2019_64\lib\Qt6OpenGLWidgets.prl
2026-07-31 12:23:36,685 - aqt.updater - INFO - updater 7760 Patching C:\Qt\6.7.2\msvc2019_64\lib\Qt6OpenGLWidgetsd.prl
2026-07-31 12:23:36,695 - aqt.updater - INFO - updater 7760 Patching C:\Qt\6.7.2\msvc2019_64\lib\Qt6PacketProtocol.prl
2026-07-31 12:23:36,704 - aqt.updater - INFO - updater 7760 Patching C:\Qt\6.7.2\msvc2019_64\lib\Qt6PacketProtocold.prl
2026-07-31 12:23:36,714 - aqt.updater - INFO - updater 7760 Patching C:\Qt\6.7.2\msvc2019_64\lib\Qt6PrintSupport.prl
2026-07-31 12:23:36,722 - aqt.updater - INFO - updater 7760 Patching C:\Qt\6.7.2\msvc2019_64\lib\Qt6PrintSupportd.prl
2026-07-31 12:23:36,730 - aqt.updater - INFO - updater 7760 Patching C:\Qt\6.7.2\msvc2019_64\lib\Qt6Qml.prl
2026-07-31 12:23:36,738 - aqt.updater - INFO - updater 7760 Patching C:\Qt\6.7.2\msvc2019_64\lib\Qt6QmlBuiltins.prl
2026-07-31 12:23:36,748 - aqt.updater - INFO - updater 7760 Patching C:\Qt\6.7.2\msvc2019_64\lib\Qt6QmlBuiltinsd.prl
2026-07-31 12:23:36,758 - aqt.updater - INFO - updater 7760 Patching C:\Qt\6.7.2\msvc2019_64\lib\Qt6QmlCompiler.prl
2026-07-31 12:23:36,768 - aqt.updater - INFO - updater 7760 Patching C:\Qt\6.7.2\msvc2019_64\lib\Qt6QmlCompilerd.prl
2026-07-31 12:23:36,776 - aqt.updater - INFO - updater 7760 Patching C:\Qt\6.7.2\msvc2019_64\lib\Qt6QmlCore.prl
2026-07-31 12:23:36,786 - aqt.updater - INFO - updater 7760 Patching C:\Qt\6.7.2\msvc2019_64\lib\Qt6QmlCored.prl
2026-07-31 12:23:36,796 - aqt.updater - INFO - updater 7760 Patching C:\Qt\6.7.2\msvc2019_64\lib\Qt6Qmld.prl
2026-07-31 12:23:36,805 - aqt.updater - INFO - updater 7760 Patching C:\Qt\6.7.2\msvc2019_64\lib\Qt6QmlDebug.prl
2026-07-31 12:23:36,814 - aqt.updater - INFO - updater 7760 Patching C:\Qt\6.7.2\msvc2019_64\lib\Qt6QmlDebugd.prl
2026-07-31 12:23:36,824 - aqt.updater - INFO - updater 7760 Patching C:\Qt\6.7.2\msvc2019_64\lib\Qt6QmlDom.prl
2026-07-31 12:23:36,835 - aqt.updater - INFO - updater 7760 Patching C:\Qt\6.7.2\msvc2019_64\lib\Qt6QmlDomd.prl
2026-07-31 12:23:36,845 - aqt.updater - INFO - updater 7760 Patching C:\Qt\6.7.2\msvc2019_64\lib\Qt6QmlLocalStorage.prl
2026-07-31 12:23:36,856 - aqt.updater - INFO - updater 7760 Patching C:\Qt\6.7.2\msvc2019_64\lib\Qt6QmlLocalStoraged.prl
2026-07-31 12:23:36,865 - aqt.updater - INFO - updater 7760 Patching C:\Qt\6.7.2\msvc2019_64\lib\Qt6QmlLS.prl
2026-07-31 12:23:36,874 - aqt.updater - INFO - updater 7760 Patching C:\Qt\6.7.2\msvc2019_64\lib\Qt6QmlLSd.prl
2026-07-31 12:23:36,883 - aqt.updater - INFO - updater 7760 Patching C:\Qt\6.7.2\msvc2019_64\lib\Qt6QmlModels.prl
2026-07-31 12:23:36,892 - aqt.updater - INFO - updater 7760 Patching C:\Qt\6.7.2\msvc2019_64\lib\Qt6QmlModelsd.prl
2026-07-31 12:23:36,901 - aqt.updater - INFO - updater 7760 Patching C:\Qt\6.7.2\msvc2019_64\lib\Qt6QmlNetwork.prl
2026-07-31 12:23:36,910 - aqt.updater - INFO - updater 7760 Patching C:\Qt\6.7.2\msvc2019_64\lib\Qt6QmlNetworkd.prl
2026-07-31 12:23:36,919 - aqt.updater - INFO - updater 7760 Patching C:\Qt\6.7.2\msvc2019_64\lib\Qt6QmlToolingSettings.prl
2026-07-31 12:23:36,929 - aqt.updater - INFO - updater 7760 Patching C:\Qt\6.7.2\msvc2019_64\lib\Qt6QmlToolingSettingsd.prl
2026-07-31 12:23:36,938 - aqt.updater - INFO - updater 7760 Patching C:\Qt\6.7.2\msvc2019_64\lib\Qt6QmlTypeRegistrar.prl
2026-07-31 12:23:36,947 - aqt.updater - INFO - updater 7760 Patching C:\Qt\6.7.2\msvc2019_64\lib\Qt6QmlTypeRegistrard.prl
2026-07-31 12:23:36,958 - aqt.updater - INFO - updater 7760 Patching C:\Qt\6.7.2\msvc2019_64\lib\Qt6QmlWorkerScript.prl
2026-07-31 12:23:36,969 - aqt.updater - INFO - updater 7760 Patching C:\Qt\6.7.2\msvc2019_64\lib\Qt6QmlWorkerScriptd.prl
2026-07-31 12:23:36,978 - aqt.updater - INFO - updater 7760 Patching C:\Qt\6.7.2\msvc2019_64\lib\Qt6QmlXmlListModel.prl
2026-07-31 12:23:36,988 - aqt.updater - INFO - updater 7760 Patching C:\Qt\6.7.2\msvc2019_64\lib\Qt6QmlXmlListModeld.prl
2026-07-31 12:23:36,998 - aqt.updater - INFO - updater 7760 Patching C:\Qt\6.7.2\msvc2019_64\lib\Qt6Quick.prl
2026-07-31 12:23:37,008 - aqt.updater - INFO - updater 7760 Patching C:\Qt\6.7.2\msvc2019_64\lib\Qt6QuickControls2.prl
2026-07-31 12:23:37,019 - aqt.updater - INFO - updater 7760 Patching C:\Qt\6.7.2\msvc2019_64\lib\Qt6QuickControls2Basic.prl
2026-07-31 12:23:37,028 - aqt.updater - INFO - updater 7760 Patching C:\Qt\6.7.2\msvc2019_64\lib\Qt6QuickControls2Basicd.prl
2026-07-31 12:23:37,040 - aqt.updater - INFO - updater 7760 Patching C:\Qt\6.7.2\msvc2019_64\lib\Qt6QuickControls2BasicStyleImpl.prl
2026-07-31 12:23:37,051 - aqt.updater - INFO - updater 7760 Patching C:\Qt\6.7.2\msvc2019_64\lib\Qt6QuickControls2BasicStyleImpld.prl
2026-07-31 12:23:37,061 - aqt.updater - INFO - updater 7760 Patching C:\Qt\6.7.2\msvc2019_64\lib\Qt6QuickControls2d.prl
2026-07-31 12:23:37,070 - aqt.updater - INFO - updater 7760 Patching C:\Qt\6.7.2\msvc2019_64\lib\Qt6QuickControls2Fusion.prl
2026-07-31 12:23:37,082 - aqt.updater - INFO - updater 7760 Patching C:\Qt\6.7.2\msvc2019_64\lib\Qt6QuickControls2Fusiond.prl
2026-07-31 12:23:37,094 - aqt.updater - INFO - updater 7760 Patching C:\Qt\6.7.2\msvc2019_64\lib\Qt6QuickControls2FusionStyleImpl.prl
2026-07-31 12:23:37,107 - aqt.updater - INFO - updater 7760 Patching C:\Qt\6.7.2\msvc2019_64\lib\Qt6QuickControls2FusionStyleImpld.prl
2026-07-31 12:23:37,120 - aqt.updater - INFO - updater 7760 Patching C:\Qt\6.7.2\msvc2019_64\lib\Qt6QuickControls2Imagine.prl
2026-07-31 12:23:37,131 - aqt.updater - INFO - updater 7760 Patching C:\Qt\6.7.2\msvc2019_64\lib\Qt6QuickControls2Imagined.prl
2026-07-31 12:23:37,145 - aqt.updater - INFO - updater 7760 Patching C:\Qt\6.7.2\msvc2019_64\lib\Qt6QuickControls2ImagineStyleImpl.prl
2026-07-31 12:23:37,155 - aqt.updater - INFO - updater 7760 Patching C:\Qt\6.7.2\msvc2019_64\lib\Qt6QuickControls2ImagineStyleImpld.prl
2026-07-31 12:23:37,164 - aqt.updater - INFO - updater 7760 Patching C:\Qt\6.7.2\msvc2019_64\lib\Qt6QuickControls2Impl.prl
2026-07-31 12:23:37,176 - aqt.updater - INFO - updater 7760 Patching C:\Qt\6.7.2\msvc2019_64\lib\Qt6QuickControls2Impld.prl
2026-07-31 12:23:37,188 - aqt.updater - INFO - updater 7760 Patching C:\Qt\6.7.2\msvc2019_64\lib\Qt6QuickControls2Material.prl
2026-07-31 12:23:37,197 - aqt.updater - INFO - updater 7760 Patching C:\Qt\6.7.2\msvc2019_64\lib\Qt6QuickControls2Materiald.prl
2026-07-31 12:23:37,209 - aqt.updater - INFO - updater 7760 Patching C:\Qt\6.7.2\msvc2019_64\lib\Qt6QuickControls2MaterialStyleImpl.prl
2026-07-31 12:23:37,219 - aqt.updater - INFO - updater 7760 Patching C:\Qt\6.7.2\msvc2019_64\lib\Qt6QuickControls2MaterialStyleImpld.prl
2026-07-31 12:23:37,230 - aqt.updater - INFO - updater 7760 Patching C:\Qt\6.7.2\msvc2019_64\lib\Qt6QuickControls2Universal.prl
2026-07-31 12:23:37,240 - aqt.updater - INFO - updater 7760 Patching C:\Qt\6.7.2\msvc2019_64\lib\Qt6QuickControls2Universald.prl
2026-07-31 12:23:37,250 - aqt.updater - INFO - updater 7760 Patching C:\Qt\6.7.2\msvc2019_64\lib\Qt6QuickControls2UniversalStyleImpl.prl
2026-07-31 12:23:37,261 - aqt.updater - INFO - updater 7760 Patching C:\Qt\6.7.2\msvc2019_64\lib\Qt6QuickControls2UniversalStyleImpld.prl
2026-07-31 12:23:37,271 - aqt.updater - INFO - updater 7760 Patching C:\Qt\6.7.2\msvc2019_64\lib\Qt6QuickControls2WindowsStyleImpl.prl
2026-07-31 12:23:37,280 - aqt.updater - INFO - updater 7760 Patching C:\Qt\6.7.2\msvc2019_64\lib\Qt6QuickControls2WindowsStyleImpld.prl
2026-07-31 12:23:37,289 - aqt.updater - INFO - updater 7760 Patching C:\Qt\6.7.2\msvc2019_64\lib\Qt6QuickControlsTestUtils.prl
2026-07-31 12:23:37,299 - aqt.updater - INFO - updater 7760 Patching C:\Qt\6.7.2\msvc2019_64\lib\Qt6QuickControlsTestUtilsd.prl
2026-07-31 12:23:37,311 - aqt.updater - INFO - updater 7760 Patching C:\Qt\6.7.2\msvc2019_64\lib\Qt6Quickd.prl
2026-07-31 12:23:37,323 - aqt.updater - INFO - updater 7760 Patching C:\Qt\6.7.2\msvc2019_64\lib\Qt6QuickDialogs2.prl
2026-07-31 12:23:37,335 - aqt.updater - INFO - updater 7760 Patching C:\Qt\6.7.2\msvc2019_64\lib\Qt6QuickDialogs2d.prl
2026-07-31 12:23:37,346 - aqt.updater - INFO - updater 7760 Patching C:\Qt\6.7.2\msvc2019_64\lib\Qt6QuickDialogs2QuickImpl.prl
2026-07-31 12:23:37,357 - aqt.updater - INFO - updater 7760 Patching C:\Qt\6.7.2\msvc2019_64\lib\Qt6QuickDialogs2QuickImpld.prl
2026-07-31 12:23:37,366 - aqt.updater - INFO - updater 7760 Patching C:\Qt\6.7.2\msvc2019_64\lib\Qt6QuickDialogs2Utils.prl
2026-07-31 12:23:37,378 - aqt.updater - INFO - updater 7760 Patching C:\Qt\6.7.2\msvc2019_64\lib\Qt6QuickDialogs2Utilsd.prl
2026-07-31 12:23:37,388 - aqt.updater - INFO - updater 7760 Patching C:\Qt\6.7.2\msvc2019_64\lib\Qt6QuickEffects.prl
2026-07-31 12:23:37,397 - aqt.updater - INFO - updater 7760 Patching C:\Qt\6.7.2\msvc2019_64\lib\Qt6QuickEffectsd.prl
2026-07-31 12:23:37,406 - aqt.updater - INFO - updater 7760 Patching C:\Qt\6.7.2\msvc2019_64\lib\Qt6QuickLayouts.prl
2026-07-31 12:23:37,417 - aqt.updater - INFO - updater 7760 Patching C:\Qt\6.7.2\msvc2019_64\lib\Qt6QuickLayoutsd.prl
2026-07-31 12:23:37,428 - aqt.updater - INFO - updater 7760 Patching C:\Qt\6.7.2\msvc2019_64\lib\Qt6QuickParticles.prl
2026-07-31 12:23:37,436 - aqt.updater - INFO - updater 7760 Patching C:\Qt\6.7.2\msvc2019_64\lib\Qt6QuickParticlesd.prl
2026-07-31 12:23:37,445 - aqt.updater - INFO - updater 7760 Patching C:\Qt\6.7.2\msvc2019_64\lib\Qt6QuickShapes.prl
2026-07-31 12:23:37,455 - aqt.updater - INFO - updater 7760 Patching C:\Qt\6.7.2\msvc2019_64\lib\Qt6QuickShapesd.prl
2026-07-31 12:23:37,465 - aqt.updater - INFO - updater 7760 Patching C:\Qt\6.7.2\msvc2019_64\lib\Qt6QuickTemplates2.prl
2026-07-31 12:23:37,474 - aqt.updater - INFO - updater 7760 Patching C:\Qt\6.7.2\msvc2019_64\lib\Qt6QuickTemplates2d.prl
2026-07-31 12:23:37,483 - aqt.updater - INFO - updater 7760 Patching C:\Qt\6.7.2\msvc2019_64\lib\Qt6QuickTest.prl
2026-07-31 12:23:37,493 - aqt.updater - INFO - updater 7760 Patching C:\Qt\6.7.2\msvc2019_64\lib\Qt6QuickTestd.prl
2026-07-31 12:23:37,503 - aqt.updater - INFO - updater 7760 Patching C:\Qt\6.7.2\msvc2019_64\lib\Qt6QuickTestUtils.prl
2026-07-31 12:23:37,512 - aqt.updater - INFO - updater 7760 Patching C:\Qt\6.7.2\msvc2019_64\lib\Qt6QuickTestUtilsd.prl
2026-07-31 12:23:37,522 - aqt.updater - INFO - updater 7760 Patching C:\Qt\6.7.2\msvc2019_64\lib\Qt6QuickWidgets.prl
2026-07-31 12:23:37,531 - aqt.updater - INFO - updater 7760 Patching C:\Qt\6.7.2\msvc2019_64\lib\Qt6QuickWidgetsd.prl
2026-07-31 12:23:37,539 - aqt.updater - INFO - updater 7760 Patching C:\Qt\6.7.2\msvc2019_64\lib\Qt6Sql.prl
2026-07-31 12:23:37,549 - aqt.updater - INFO - updater 7760 Patching C:\Qt\6.7.2\msvc2019_64\lib\Qt6Sqld.prl
2026-07-31 12:23:37,560 - aqt.updater - INFO - updater 7760 Patching C:\Qt\6.7.2\msvc2019_64\lib\Qt6Svg.prl
2026-07-31 12:23:37,568 - aqt.updater - INFO - updater 7760 Patching C:\Qt\6.7.2\msvc2019_64\lib\Qt6Svgd.prl
2026-07-31 12:23:37,576 - aqt.updater - INFO - updater 7760 Patching C:\Qt\6.7.2\msvc2019_64\lib\Qt6SvgWidgets.prl
2026-07-31 12:23:37,588 - aqt.updater - INFO - updater 7760 Patching C:\Qt\6.7.2\msvc2019_64\lib\Qt6SvgWidgetsd.prl
2026-07-31 12:23:37,597 - aqt.updater - INFO - updater 7760 Patching C:\Qt\6.7.2\msvc2019_64\lib\Qt6Test.prl
2026-07-31 12:23:37,605 - aqt.updater - INFO - updater 7760 Patching C:\Qt\6.7.2\msvc2019_64\lib\Qt6Testd.prl
2026-07-31 12:23:38,065 - aqt.updater - INFO - updater 7760 Patching C:\Qt\6.7.2\msvc2019_64\lib\Qt6UiTools.prl
2026-07-31 12:23:38,074 - aqt.updater - INFO - updater 7760 Patching C:\Qt\6.7.2\msvc2019_64\lib\Qt6UiToolsd.prl
2026-07-31 12:23:38,084 - aqt.updater - INFO - updater 7760 Patching C:\Qt\6.7.2\msvc2019_64\lib\Qt6Widgets.prl
2026-07-31 12:23:38,093 - aqt.updater - INFO - updater 7760 Patching C:\Qt\6.7.2\msvc2019_64\lib\Qt6Widgetsd.prl
2026-07-31 12:23:38,102 - aqt.updater - INFO - updater 7760 Patching C:\Qt\6.7.2\msvc2019_64\lib\Qt6Xml.prl
2026-07-31 12:23:38,111 - aqt.updater - INFO - updater 7760 Patching C:\Qt\6.7.2\msvc2019_64\lib\Qt6Xmld.prl
2026-07-31 12:23:38,121 - aqt.main - INFO - installer 7760 Finished installation
2026-07-31 12:23:38,121 - aqt.main - INFO - installer 7760 Time elapsed: 40.57673530 second
